---
source: src/parser/consent_message/msg_response.rs
assertion_line: 224
expression: reduced
input_file: src/parser/consent_message/testvectors/ui_data.json
snapshot_kind: text
---
[
    "User": "Hello, world!",
    "created_at": "1752218864 s",
    "active_for": "600 s",
    "amount": "2 ICP",
]
